  Determining projects to restore...
  All projects are up-to-date for restore.
  TaskManagement.Domain -> C:\Users\tua46\OneDrive\MĂ¡y tĂ­nh\DATN_2\QuanLyCongViec\QuanLyCongViec\Backend\src\TaskManagement.Domain\bin\Debug\net10.0\TaskManagement.Domain.dll
  TaskManagement.Application -> C:\Users\tua46\OneDrive\MĂ¡y tĂ­nh\DATN_2\QuanLyCongViec\QuanLyCongViec\Backend\src\TaskManagement.Application\bin\Debug\net10.0\TaskManagement.Application.dll
C:\Users\tua46\OneDrive\MĂ¡y tĂ­nh\DATN_2\QuanLyCongViec\QuanLyCongViec\Backend\src\TaskManagement.Infrastructure\Data\DataSeeder.cs(315,42): error CS1061: 'ApplicationDbContext' does not contain a definition for 'AiPricingPlans' and no accessible extension method 'AiPricingPlans' accepting a first argument of type 'ApplicationDbContext' could be found (are you missing a using directive or an assembly reference?) [C:\Users\tua46\OneDrive\MĂ¡y tĂ­nh\DATN_2\QuanLyCongViec\QuanLyCongViec\Backend\src\TaskManagement.Infrastructure\TaskManagement.Infrastructure.csproj]
C:\Users\tua46\OneDrive\MĂ¡y tĂ­nh\DATN_2\QuanLyCongViec\QuanLyCongViec\Backend\src\TaskManagement.Infrastructure\Data\DataSeeder.cs(318,29): error CS1061: 'ApplicationDbContext' does not contain a definition for 'AiPricingPlans' and no accessible extension method 'AiPricingPlans' accepting a first argument of type 'ApplicationDbContext' could be found (are you missing a using directive or an assembly reference?) [C:\Users\tua46\OneDrive\MĂ¡y tĂ­nh\DATN_2\QuanLyCongViec\QuanLyCongViec\Backend\src\TaskManagement.Infrastructure\TaskManagement.Infrastructure.csproj]
C:\Users\tua46\OneDrive\MĂ¡y tĂ­nh\DATN_2\QuanLyCongViec\QuanLyCongViec\Backend\src\TaskManagement.Infrastructure\Data\DataSeeder.cs(331,42): error CS1061: 'ApplicationDbContext' does not contain a definition for 'AiCreditRules' and no accessible extension method 'AiCreditRules' accepting a first argument of type 'ApplicationDbContext' could be found (are you missing a using directive or an assembly reference?) [C:\Users\tua46\OneDrive\MĂ¡y tĂ­nh\DATN_2\QuanLyCongViec\QuanLyCongViec\Backend\src\TaskManagement.Infrastructure\TaskManagement.Infrastructure.csproj]
C:\Users\tua46\OneDrive\MĂ¡y tĂ­nh\DATN_2\QuanLyCongViec\QuanLyCongViec\Backend\src\TaskManagement.Infrastructure\Data\DataSeeder.cs(334,29): error CS1061: 'ApplicationDbContext' does not contain a definition for 'AiCreditRules' and no accessible extension method 'AiCreditRules' accepting a first argument of type 'ApplicationDbContext' could be found (are you missing a using directive or an assembly reference?) [C:\Users\tua46\OneDrive\MĂ¡y tĂ­nh\DATN_2\QuanLyCongViec\QuanLyCongViec\Backend\src\TaskManagement.Infrastructure\TaskManagement.Infrastructure.csproj]
C:\Users\tua46\OneDrive\MĂ¡y tĂ­nh\DATN_2\QuanLyCongViec\QuanLyCongViec\Backend\src\TaskManagement.Infrastructure\Data\DataSeeder.cs(346,36): error CS1061: 'ApplicationDbContext' does not contain a definition for 'TaskContingencyPlans' and no accessible extension method 'TaskContingencyPlans' accepting a first argument of type 'ApplicationDbContext' could be found (are you missing a using directive or an assembly reference?) [C:\Users\tua46\OneDrive\MĂ¡y tĂ­nh\DATN_2\QuanLyCongViec\QuanLyCongViec\Backend\src\TaskManagement.Infrastructure\TaskManagement.Infrastructure.csproj]
C:\Users\tua46\OneDrive\MĂ¡y tĂ­nh\DATN_2\QuanLyCongViec\QuanLyCongViec\Backend\src\TaskManagement.Infrastructure\Data\DataSeeder.cs(348,29): error CS1061: 'ApplicationDbContext' does not contain a definition for 'TaskContingencyPlans' and no accessible extension method 'TaskContingencyPlans' accepting a first argument of type 'ApplicationDbContext' could be found (are you missing a using directive or an assembly reference?) [C:\Users\tua46\OneDrive\MĂ¡y tĂ­nh\DATN_2\QuanLyCongViec\QuanLyCongViec\Backend\src\TaskManagement.Infrastructure\TaskManagement.Infrastructure.csproj]
C:\Users\tua46\OneDrive\MĂ¡y tĂ­nh\DATN_2\QuanLyCongViec\QuanLyCongViec\Backend\src\TaskManagement.Infrastructure\Data\DataSeeder.cs(362,32): error CS1061: 'ApplicationDbContext' does not contain a definition for 'AiUsageLedgerEntries' and no accessible extension method 'AiUsageLedgerEntries' accepting a first argument of type 'ApplicationDbContext' could be found (are you missing a using directive or an assembly reference?) [C:\Users\tua46\OneDrive\MĂ¡y tĂ­nh\DATN_2\QuanLyCongViec\QuanLyCongViec\Backend\src\TaskManagement.Infrastructure\TaskManagement.Infrastructure.csproj]
C:\Users\tua46\OneDrive\MĂ¡y tĂ­nh\DATN_2\QuanLyCongViec\QuanLyCongViec\Backend\src\TaskManagement.Infrastructure\Data\DataSeeder.cs(364,25): error CS1061: 'ApplicationDbContext' does not contain a definition for 'AiUsageLedgerEntries' and no accessible extension method 'AiUsageLedgerEntries' accepting a first argument of type 'ApplicationDbContext' could be found (are you missing a using directive or an assembly reference?) [C:\Users\tua46\OneDrive\MĂ¡y tĂ­nh\DATN_2\QuanLyCongViec\QuanLyCongViec\Backend\src\TaskManagement.Infrastructure\TaskManagement.Infrastructure.csproj]
C:\Users\tua46\OneDrive\MĂ¡y tĂ­nh\DATN_2\QuanLyCongViec\QuanLyCongViec\Backend\src\TaskManagement.Infrastructure\Data\DataSeeder.cs(374,36): error CS1061: 'ApplicationDbContext' does not contain a definition for 'NotificationPreferences' and no accessible extension method 'NotificationPreferences' accepting a first argument of type 'ApplicationDbContext' could be found (are you missing a using directive or an assembly reference?) [C:\Users\tua46\OneDrive\MĂ¡y tĂ­nh\DATN_2\QuanLyCongViec\QuanLyCongViec\Backend\src\TaskManagement.Infrastructure\TaskManagement.Infrastructure.csproj]
C:\Users\tua46\OneDrive\MĂ¡y tĂ­nh\DATN_2\QuanLyCongViec\QuanLyCongViec\Backend\src\TaskManagement.Infrastructure\Data\DataSeeder.cs(376,29): error CS1061: 'ApplicationDbContext' does not contain a definition for 'NotificationPreferences' and no accessible extension method 'NotificationPreferences' accepting a first argument of type 'ApplicationDbContext' could be found (are you missing a using directive or an assembly reference?) [C:\Users\tua46\OneDrive\MĂ¡y tĂ­nh\DATN_2\QuanLyCongViec\QuanLyCongViec\Backend\src\TaskManagement.Infrastructure\TaskManagement.Infrastructure.csproj]

Build FAILED.

C:\Users\tua46\OneDrive\MĂ¡y tĂ­nh\DATN_2\QuanLyCongViec\QuanLyCongViec\Backend\src\TaskManagement.Infrastructure\Data\DataSeeder.cs(315,42): error CS1061: 'ApplicationDbContext' does not contain a definition for 'AiPricingPlans' and no accessible extension method 'AiPricingPlans' accepting a first argument of type 'ApplicationDbContext' could be found (are you missing a using directive or an assembly reference?) [C:\Users\tua46\OneDrive\MĂ¡y tĂ­nh\DATN_2\QuanLyCongViec\QuanLyCongViec\Backend\src\TaskManagement.Infrastructure\TaskManagement.Infrastructure.csproj]
C:\Users\tua46\OneDrive\MĂ¡y tĂ­nh\DATN_2\QuanLyCongViec\QuanLyCongViec\Backend\src\TaskManagement.Infrastructure\Data\DataSeeder.cs(318,29): error CS1061: 'ApplicationDbContext' does not contain a definition for 'AiPricingPlans' and no accessible extension method 'AiPricingPlans' accepting a first argument of type 'ApplicationDbContext' could be found (are you missing a using directive or an assembly reference?) [C:\Users\tua46\OneDrive\MĂ¡y tĂ­nh\DATN_2\QuanLyCongViec\QuanLyCongViec\Backend\src\TaskManagement.Infrastructure\TaskManagement.Infrastructure.csproj]
C:\Users\tua46\OneDrive\MĂ¡y tĂ­nh\DATN_2\QuanLyCongViec\QuanLyCongViec\Backend\src\TaskManagement.Infrastructure\Data\DataSeeder.cs(331,42): error CS1061: 'ApplicationDbContext' does not contain a definition for 'AiCreditRules' and no accessible extension method 'AiCreditRules' accepting a first argument of type 'ApplicationDbContext' could be found (are you missing a using directive or an assembly reference?) [C:\Users\tua46\OneDrive\MĂ¡y tĂ­nh\DATN_2\QuanLyCongViec\QuanLyCongViec\Backend\src\TaskManagement.Infrastructure\TaskManagement.Infrastructure.csproj]
C:\Users\tua46\OneDrive\MĂ¡y tĂ­nh\DATN_2\QuanLyCongViec\QuanLyCongViec\Backend\src\TaskManagement.Infrastructure\Data\DataSeeder.cs(334,29): error CS1061: 'ApplicationDbContext' does not contain a definition for 'AiCreditRules' and no accessible extension method 'AiCreditRules' accepting a first argument of type 'ApplicationDbContext' could be found (are you missing a using directive or an assembly reference?) [C:\Users\tua46\OneDrive\MĂ¡y tĂ­nh\DATN_2\QuanLyCongViec\QuanLyCongViec\Backend\src\TaskManagement.Infrastructure\TaskManagement.Infrastructure.csproj]
C:\Users\tua46\OneDrive\MĂ¡y tĂ­nh\DATN_2\QuanLyCongViec\QuanLyCongViec\Backend\src\TaskManagement.Infrastructure\Data\DataSeeder.cs(346,36): error CS1061: 'ApplicationDbContext' does not contain a definition for 'TaskContingencyPlans' and no accessible extension method 'TaskContingencyPlans' accepting a first argument of type 'ApplicationDbContext' could be found (are you missing a using directive or an assembly reference?) [C:\Users\tua46\OneDrive\MĂ¡y tĂ­nh\DATN_2\QuanLyCongViec\QuanLyCongViec\Backend\src\TaskManagement.Infrastructure\TaskManagement.Infrastructure.csproj]
C:\Users\tua46\OneDrive\MĂ¡y tĂ­nh\DATN_2\QuanLyCongViec\QuanLyCongViec\Backend\src\TaskManagement.Infrastructure\Data\DataSeeder.cs(348,29): error CS1061: 'ApplicationDbContext' does not contain a definition for 'TaskContingencyPlans' and no accessible extension method 'TaskContingencyPlans' accepting a first argument of type 'ApplicationDbContext' could be found (are you missing a using directive or an assembly reference?) [C:\Users\tua46\OneDrive\MĂ¡y tĂ­nh\DATN_2\QuanLyCongViec\QuanLyCongViec\Backend\src\TaskManagement.Infrastructure\TaskManagement.Infrastructure.csproj]
C:\Users\tua46\OneDrive\MĂ¡y tĂ­nh\DATN_2\QuanLyCongViec\QuanLyCongViec\Backend\src\TaskManagement.Infrastructure\Data\DataSeeder.cs(362,32): error CS1061: 'ApplicationDbContext' does not contain a definition for 'AiUsageLedgerEntries' and no accessible extension method 'AiUsageLedgerEntries' accepting a first argument of type 'ApplicationDbContext' could be found (are you missing a using directive or an assembly reference?) [C:\Users\tua46\OneDrive\MĂ¡y tĂ­nh\DATN_2\QuanLyCongViec\QuanLyCongViec\Backend\src\TaskManagement.Infrastructure\TaskManagement.Infrastructure.csproj]
C:\Users\tua46\OneDrive\MĂ¡y tĂ­nh\DATN_2\QuanLyCongViec\QuanLyCongViec\Backend\src\TaskManagement.Infrastructure\Data\DataSeeder.cs(364,25): error CS1061: 'ApplicationDbContext' does not contain a definition for 'AiUsageLedgerEntries' and no accessible extension method 'AiUsageLedgerEntries' accepting a first argument of type 'ApplicationDbContext' could be found (are you missing a using directive or an assembly reference?) [C:\Users\tua46\OneDrive\MĂ¡y tĂ­nh\DATN_2\QuanLyCongViec\QuanLyCongViec\Backend\src\TaskManagement.Infrastructure\TaskManagement.Infrastructure.csproj]
C:\Users\tua46\OneDrive\MĂ¡y tĂ­nh\DATN_2\QuanLyCongViec\QuanLyCongViec\Backend\src\TaskManagement.Infrastructure\Data\DataSeeder.cs(374,36): error CS1061: 'ApplicationDbContext' does not contain a definition for 'NotificationPreferences' and no accessible extension method 'NotificationPreferences' accepting a first argument of type 'ApplicationDbContext' could be found (are you missing a using directive or an assembly reference?) [C:\Users\tua46\OneDrive\MĂ¡y tĂ­nh\DATN_2\QuanLyCongViec\QuanLyCongViec\Backend\src\TaskManagement.Infrastructure\TaskManagement.Infrastructure.csproj]
C:\Users\tua46\OneDrive\MĂ¡y tĂ­nh\DATN_2\QuanLyCongViec\QuanLyCongViec\Backend\src\TaskManagement.Infrastructure\Data\DataSeeder.cs(376,29): error CS1061: 'ApplicationDbContext' does not contain a definition for 'NotificationPreferences' and no accessible extension method 'NotificationPreferences' accepting a first argument of type 'ApplicationDbContext' could be found (are you missing a using directive or an assembly reference?) [C:\Users\tua46\OneDrive\MĂ¡y tĂ­nh\DATN_2\QuanLyCongViec\QuanLyCongViec\Backend\src\TaskManagement.Infrastructure\TaskManagement.Infrastructure.csproj]
    0 Warning(s)
    10 Error(s)

Time Elapsed 00:00:11.29
